Event ID: 4625
Time: 2026-07-28 09:14:22
Account Name: Administrator
Source Network Address: 203.0.113.88
Logon Type: 3
Failure Reason: Unknown user name or bad password
Workstation Name: -

Event ID: 4625
Time: 2026-07-28 09:14:25
Account Name: Administrator
Source Network Address: 203.0.113.88
Logon Type: 3
Failure Reason: Unknown user name or bad password
Workstation Name: -

Event ID: 4625
Time: 2026-07-28 09:14:28
Account Name: admin
Source Network Address: 203.0.113.88
Logon Type: 3
Failure Reason: Unknown user name or bad password
Workstation Name: -

Event ID: 4625
Time: 2026-07-28 09:14:31
Account Name: Administrator
Source Network Address: 203.0.113.88
Logon Type: 3
Failure Reason: Unknown user name or bad password
Workstation Name: -

Event ID: 4625
Time: 2026-07-28 09:14:34
Account Name: guest
Source Network Address: 203.0.113.88
Logon Type: 3
Failure Reason: Unknown user name or bad password
Workstation Name: -

Event ID: 4625
Time: 2026-07-28 09:14:37
Account Name: Administrator
Source Network Address: 203.0.113.88
Logon Type: 3
Failure Reason: Unknown user name or bad password
Workstation Name: -

Event ID: 4625
Time: 2026-07-28 09:15:02
Account Name: Administrator
Source Network Address: 198.51.100.50
Logon Type: 3
Failure Reason: Unknown user name or bad password
Workstation Name: -

Event ID: 4625
Time: 2026-07-28 09:18:11
Account Name: jsmith
Source Network Address: 10.0.0.45
Logon Type: 2
Failure Reason: Unknown user name or bad password
Workstation Name: DESKTOP-USER1

Event ID: 4625
Time: 2026-07-28 09:22:05
Account Name: Administrator
Source Network Address: 203.0.113.88
Logon Type: 3
Failure Reason: Unknown user name or bad password
Workstation Name: -

Event ID: 4625
Time: 2026-07-28 09:22:08
Account Name: Administrator
Source Network Address: 203.0.113.88
Logon Type: 3
Failure Reason: Unknown user name or bad password
Workstation Name: -

Event ID: 4625
Time: 2026-07-28 09:22:11
Account Name: admin
Source Network Address: 203.0.113.88
Logon Type: 3
Failure Reason: Unknown user name or bad password
Workstation Name: -

Event ID: 4625
Time: 2026-07-28 09:22:14
Account Name: Administrator
Source Network Address: 203.0.113.88
Logon Type: 3
Failure Reason: Unknown user name or bad password
Workstation Name: -